


ARM Macro Assembler    Page 1 


    1 00000000                 AREA             CINTERRUPT, CODE, READONLY
    2 00000000         ENTRY
    3 00000000 E10F1000        MRS              R1,CPSR
    4 00000004 E3C1101F        BIC              R1,R1,#0x1F
    5 00000008 E3811011        ORR              R1,R1,#0x11
    6 0000000C E121F001        MSR              CPSR_C,R1
    7 00000010         
    8 00000010 EAFFFFFE 
                       XXS     B                XXS
    9 00000014                 END
Command Line: --debug --xref --apcs=interwork --depend=.\progrma11.d -o.\progrm
a11.o -IC:\Keil\ARM\RV31\INC -IC:\Keil\ARM\CMSIS\Include -IC:\Keil\ARM\Inc\Phil
ips --predefine="__EVAL SETA 1" --list=.\progrma11.lst Progrma11.asm



ARM Macro Assembler    Page 1 Alphabetic symbol ordering
Relocatable symbols

CINTERRUPT 00000000

Symbol: CINTERRUPT
   Definitions
      At line 1 in file Progrma11.asm
   Uses
      None
Comment: CINTERRUPT unused
ENTRY 00000000

Symbol: ENTRY
   Definitions
      At line 2 in file Progrma11.asm
   Uses
      None
Comment: ENTRY unused
XXS 00000010

Symbol: XXS
   Definitions
      At line 8 in file Progrma11.asm
   Uses
      At line 8 in file Progrma11.asm
Comment: XXS used once
3 symbols
334 symbols in table
