


ARM Macro Assembler    Page 1 


    1 00000000         ; multiply 2 16-bit number
    2 00000000         
    3 00000000                 AREA             MULTIPLY, CODE, READONLY
    4 00000000         ENTRY
    5 00000000         START
    6 00000000 E59F000C        LDR              R0 ,=0x00003456
    7 00000004 E59F100C        LDR              R1 ,=0xB1000521
    8 00000008 E59F200C        LDR              R2 ,=0x80000234
    9 0000000C         
   10 0000000C E0912100        ADDS             R2,R1,R0,LSL #2
   11 00000010 EAFFFFFE 
                       XS      B                XS
   12 00000014                 END
              00003456 
              B1000521 
              80000234 
Command Line: --debug --xref --apcs=interwork --depend=.\program2.d -o.\program
2.o -IC:\Keil\ARM\RV31\INC -IC:\Keil\ARM\CMSIS\Include -IC:\Keil\ARM\Inc\Philip
s --predefine="__EVAL SETA 1" --list=.\program2.lst Program2.asm



ARM Macro Assembler    Page 1 Alphabetic symbol ordering
Relocatable symbols

ENTRY 00000000

Symbol: ENTRY
   Definitions
      At line 4 in file Program2.asm
   Uses
      None
Comment: ENTRY unused
MULTIPLY 00000000

Symbol: MULTIPLY
   Definitions
      At line 3 in file Program2.asm
   Uses
      None
Comment: MULTIPLY unused
START 00000000

Symbol: START
   Definitions
      At line 5 in file Program2.asm
   Uses
      None
Comment: START unused
XS 00000010

Symbol: XS
   Definitions
      At line 11 in file Program2.asm
   Uses
      At line 11 in file Program2.asm
Comment: XS used once
4 symbols
337 symbols in table
