<html>
<body>
<pre>
<h1>µVision Build Log</h1>
<h2>Project:</h2>
C:\Users\vivek\VS Code\Lab\Sem4\MC\Lab\Program2\Program2.uvproj
Project File Date:  05/23/2024

<h2>Output:</h2>
Build target 'Target 1'
assembling Program2.asm...
linking...
Program Size: Code=32 RO-data=0 RW-data=0 ZI-data=0  
".\Program2.axf" - 0 Error(s), 0 Warning(s).
</pre>
</body>
</html>
ram2.asm(16): error: A1163E: Unknown opcode PRODUCT , expecting opcode or Macro
"Program2.asm" - 3 Error(s), 0 Warning(s).
assembling Program2.asm...
Program2.asm(8): error: A1517E: Unexpected operator equal to or equivalent to =
"Program2.asm" - 1 Error(s), 0 Warning(s).
assembling Program2.asm...
Program2.asm(8): error: A1517E: Unexpected operator equal to or equivalent to =
"Program2.asm" - 1 Error(s), 0 Warning(s).
assembling Program2.asm...
"Program2.asm" - 0 Error(s), 0 Warning(s).
