<html>
<body>
<pre>
<h1>µVision Build Log</h1>
<h2>Project:</h2>
C:\Users\vivek\VS Code\Lab\Sem4\MC\Basic\Search\Search.uvproj
Project File Date:  07/05/2024

<h2>Output:</h2>
Build target 'Target 1'
assembling Search.asm...
linking...
Program Size: Code=60 RO-data=0 RW-data=40 ZI-data=0  
".\Search.axf" - 0 Error(s), 0 Warning(s).
m(20): error: A1167E: Invalid line start 
Search.asm(25): error: A1167E: Invalid line start 
".\Search.axf" - 4 Error(s), 0 Warning(s).
Target not created
m(18): error: A1167E: Invalid line start 
Search.asm(21): error: A1167E: Invalid line start 
Search.asm(26): error: A1167E: Invalid line start 
".\Search.axf" - 6 Error(s), 1 Warning(s).
Target not created
pected operator equal to or equivalent to /
Search.asm(9): error: A1167E: Invalid line start 
Search.asm(10): error: A1517E: Unexpected operator equal to or equivalent to /
Search.asm(11): error: A1517E: Unexpected operator equal to or equivalent to /
Search.asm(12): error: A1517E: Unexpected operator equal to or equivalent to /
Search.asm(13): error: A1106E: Missing comma
Search.asm(14): error: A1517E: Unexpected operator equal to or equivalent to /
Search.asm(15): error: A1517E: Unexpected operator equal to or equivalent to /
Search.asm(16): error: A1517E: Unexpected operator equal to or equivalent to /
Search.asm(18): error: A1167E: Invalid line start 
Search.asm(19): error: A1517E: Unexpected operator equal to or equivalent to /
Search.asm(21): error: A1167E: Invalid line start 
Search.asm(22): error: A1106E: Missing comma
Search.asm(23): error: A1517E: Unexpected operator equal to or equivalent to /
Search.asm(26): error: A1167E: Invalid line start 
".\Search.axf" - 20 Error(s), 1 Warning(s).
Target not created
