


ARM Macro Assembler    Page 1 


    1 00000000                 AREA             SEARCH, CODE, READONLY
    2 00000000         ENTRY
    3 00000000 E59F0030        LDR              R0, =AVALUE
    4 00000004 E3A0100A        MOV              R1, #10
    5 00000008 E3A02005        MOV              R2, #0X00000005
    6 0000000C E3A04000        MOV              R4, #0
    7 00000010         
    8 00000010         search_loop
    9 00000010 E3510000        CMP              R1, #0
   10 00000014 0A000005        BEQ              end_search
   11 00000018 E4903004        LDR              R3, [R0], #4
   12 0000001C E1530002        CMP              R3, R2
   13 00000020 0A000001        BEQ              element_found
   14 00000024 E2411001        SUB              R1, R1, #1
   15 00000028 EAFFFFF8        B                search_loop
   16 0000002C         
   17 0000002C         element_found
   18 0000002C E3A04001        MOV              R4, #1
   19 00000030         
   20 00000030         end_search
   21 00000030 E1A00004        MOV              R0, R4
   22 00000034 EAFFFFFE        B                .
   23 00000038         
   24 00000038 00000000        AREA             DATA1, DATA, READWRITE
   25 00000000         AVALUE
   26 00000000 00000001        DCD              0X00000001
   27 00000004 00000002        DCD              0X00000002
   28 00000008 00000003        DCD              0X00000003
   29 0000000C 00000004        DCD              0X00000004
   30 00000010 00000005        DCD              0X00000005
   31 00000014 00000006        DCD              0X00000006
   32 00000018 00000007        DCD              0X00000007
   33 0000001C 00000008        DCD              0X00000008
   34 00000020 00000009        DCD              0X00000009
   35 00000024 0000000A        DCD              0X0000000A
   36 00000028                 END
Command Line: --debug --xref --apcs=interwork --depend=.\search.d -o.\search.o 
-IC:\Keil\ARM\RV31\INC -IC:\Keil\ARM\CMSIS\Include -IC:\Keil\ARM\Inc\Philips --
predefine="__EVAL SETA 1" --list=.\search.lst Search.asm



ARM Macro Assembler    Page 1 Alphabetic symbol ordering
Relocatable symbols

ENTRY 00000000

Symbol: ENTRY
   Definitions
      At line 2 in file Search.asm
   Uses
      None
Comment: ENTRY unused
SEARCH 00000000

Symbol: SEARCH
   Definitions
      At line 1 in file Search.asm
   Uses
      None
Comment: SEARCH unused
element_found 0000002C

Symbol: element_found
   Definitions
      At line 17 in file Search.asm
   Uses
      At line 13 in file Search.asm
Comment: element_found used once
end_search 00000030

Symbol: end_search
   Definitions
      At line 20 in file Search.asm
   Uses
      At line 10 in file Search.asm
Comment: end_search used once
search_loop 00000010

Symbol: search_loop
   Definitions
      At line 8 in file Search.asm
   Uses
      At line 15 in file Search.asm
Comment: search_loop used once
5 symbols



ARM Macro Assembler    Page 1 Alphabetic symbol ordering
Relocatable symbols

AVALUE 00000000

Symbol: AVALUE
   Definitions
      At line 25 in file Search.asm
   Uses
      At line 3 in file Search.asm
Comment: AVALUE used once
DATA1 00000000

Symbol: DATA1
   Definitions
      At line 24 in file Search.asm
   Uses
      None
Comment: DATA1 unused
2 symbols
340 symbols in table
