


ARM Macro Assembler    Page 1 


    1 00000000                 AREA             FACT, CODE, READONLY
    2 00000000         
    3 00000000         ENTRY
    4 00000000         START
    5 00000000 E3A00007        MOV              R0,#0x7
    6 00000004 E1A01000        MOV              R1,R0
    7 00000008         
    8 00000008 E2511001 
                       FACT1   SUBS             R1,R1,#1
    9 0000000C E3510001        CMP              R1,#1
   10 00000010 0A000002        BEQ              STOP
   11 00000014 E0030190        MUL              R3,R0,R1
   12 00000018 E1A00003        MOV              R0,R3
   13 0000001C 1AFFFFF9        BNE              FACT1
   14 00000020         
   15 00000020 EAFFFFFE 
                       STOP    B                STOP
   16 00000024                 END
Command Line: --debug --xref --apcs=interwork --depend=.\fact.d -o.\fact.o -IC:
\Keil\ARM\RV31\INC -IC:\Keil\ARM\CMSIS\Include -IC:\Keil\ARM\Inc\Philips --pred
efine="__EVAL SETA 1" --list=.\fact.lst fact.asm



ARM Macro Assembler    Page 1 Alphabetic symbol ordering
Relocatable symbols

ENTRY 00000000

Symbol: ENTRY
   Definitions
      At line 3 in file fact.asm
   Uses
      None
Comment: ENTRY unused
FACT 00000000

Symbol: FACT
   Definitions
      At line 1 in file fact.asm
   Uses
      None
Comment: FACT unused
FACT1 00000008

Symbol: FACT1
   Definitions
      At line 8 in file fact.asm
   Uses
      At line 13 in file fact.asm
Comment: FACT1 used once
START 00000000

Symbol: START
   Definitions
      At line 4 in file fact.asm
   Uses
      None
Comment: START unused
STOP 00000020

Symbol: STOP
   Definitions
      At line 15 in file fact.asm
   Uses
      At line 10 in file fact.asm
      At line 15 in file fact.asm

5 symbols
336 symbols in table
