<html>
<body>
<pre>
<h1>µVision Build Log</h1>
<h2>Project:</h2>
C:\Users\vivek\VS Code\Lab\Sem4\MC\Lab\Program1\Program1.uvproj
Project File Date:  05/23/2024

<h2>Output:</h2>
Rebuild target 'Target 1'
assembling Program1.asm...
linking...
Program Size: Code=12 RO-data=0 RW-data=0 ZI-data=0  
".\Program1.axf" - 0 Error(s), 0 Warning(s).
</pre>
</body>
</html>
eated
assembling Program1.asm...
Program1.asm(3): error: A1163E: Unknown opcode START , expecting opcode or Macro
"Program1.asm" - 1 Error(s), 0 Warning(s).
assembling Program1.asm...
Program1.asm(3): error: A1163E: Unknown opcode START , expecting opcode or Macro
"Program1.asm" - 1 Error(s), 0 Warning(s).
assembling Program1.asm...
Program1.asm(3): error: A1163E: Unknown opcode START , expecting opcode or Macro
"Program1.asm" - 1 Error(s), 0 Warning(s).
assembling Program1.asm...
"Program1.asm" - 0 Error(s), 0 Warning(s).
Error: Could not load file 'C:\Users\vivek\VS Code\Lab\Sem4\MC\Lab\Program1\Program1.axf'. Debugger aborted !
