


ARM Macro Assembler    Page 1 


    1 00000000                 AREA             SQUARE, CODE, READONLY
    2 00000000                 ENTRY
    3 00000000         START
    4 00000000 E3A0000A        MOV              R0, #10
    5 00000004 E0010090        MUL              R1, R0, R0
    6 00000008 EAFFFFFE 
                       XS      b                XS
    7 0000000C                 END
Command Line: --debug --xref --apcs=interwork --depend=.\program1.d -o.\program
1.o -IC:\Keil\ARM\RV31\INC -IC:\Keil\ARM\CMSIS\Include -IC:\Keil\ARM\Inc\Philip
s --predefine="__EVAL SETA 1" --list=.\program1.lst Program1.asm



ARM Macro Assembler    Page 1 Alphabetic symbol ordering
Relocatable symbols

SQUARE 00000000

Symbol: SQUARE
   Definitions
      At line 1 in file Program1.asm
   Uses
      None
Comment: SQUARE unused
START 00000000

Symbol: START
   Definitions
      At line 3 in file Program1.asm
   Uses
      None
Comment: START unused
XS 00000008

Symbol: XS
   Definitions
      At line 6 in file Program1.asm
   Uses
      At line 6 in file Program1.asm
Comment: XS used once
3 symbols
334 symbols in table
