<html>
<body>
<pre>
<h1>µVision Build Log</h1>
<h2>Project:</h2>
C:\Users\vivek\VS Code\Lab\Sem4\MC\Lab\Program3\Program3.uvproj
Project File Date:  05/23/2024

<h2>Output:</h2>
Build target 'Target 1'
assembling Program3.asm...
linking...
Program Size: Code=48 RO-data=0 RW-data=4 ZI-data=0  
".\Program3.axf" - 0 Error(s), 0 Warning(s).
</pre>
</body>
</html>
wn opcode DCD, , expecting opcode or Macro
"Program3.asm" - 1 Error(s), 0 Warning(s).
assembling Program3.asm...
Program3.asm(18): error: A1152E: Unexpected operator
"Program3.asm" - 1 Error(s), 0 Warning(s).
assembling Program3.asm...
Program3.asm(18): error: A1152E: Unexpected operator
"Program3.asm" - 1 Error(s), 0 Warning(s).
assembling Program3.asm...
Program3.asm(18): error: A1163E: Unknown opcode DCD, , expecting opcode or Macro
"Program3.asm" - 1 Error(s), 0 Warning(s).
assembling Program3.asm...
Program3.asm(18): error: A1163E: Unknown opcode DCD,=0x40000000 , expecting opcode or Macro
"Program3.asm" - 1 Error(s), 0 Warning(s).
assembling Program3.asm...
"Program3.asm" - 0 Error(s), 0 Warning(s).
