<html>
<body>
<pre>
<h1>µVision Build Log</h1>
<h2>Project:</h2>
C:\Users\vivek\VS Code\Lab\Sem4\MC\Basic\Decending\decending.uvproj
Project File Date:  05/31/2024

<h2>Output:</h2>
Build target 'Target 1'
linking...
Program Size: Code=136 RO-data=0 RW-data=4 ZI-data=0  
".\decending.axf" - 0 Error(s), 0 Warning(s).
</pre>
</body>
</html>
s).
g.asm" - 2 Error(s), 0 Warning(s).
assembling decending.asm...
"decending.asm" - 0 Error(s), 0 Warning(s).
Error: Could not load file 'C:\Users\vivek\VS Code\Lab\Sem4\MC\Basic\Decending\decending.axf'. Debugger aborted !
