<html>
<body>
<pre>
<h1>µVision Build Log</h1>
<h2>Project:</h2>
C:\Users\vivek\VS Code\Lab\Sem4\MC\Lab\Program10\Program10.uvproj
Project File Date:  06/28/2024

<h2>Output:</h2>
Build target 'Target 1'
assembling Program10.asm...
linking...
Program Size: Code=16 RO-data=0 RW-data=0 ZI-data=0  
".\Program10.axf" - 0 Error(s), 0 Warning(s).
Load "C:\\Users\\vivek\\VS Code\\Lab\\Sem4\\MC\\Lab\\Program10\\Program10.axf" 
Internal DLL Error
Error: Flash Download failed  -  Target DLL has been cancelled
</pre>
</body>
</html>
