


ARM Macro Assembler    Page 1 


    1 00000000                 AREA             INTERRUPT, CODE, READONLY
    2 00000000         ENTRY
    3 00000000 E10F1000        MRS              R1,CPSR
    4 00000004 E3C11080        BIC              R1,R1,#0x80
    5 00000008 E121F001        MSR              CPSR_C,R1
    6 0000000C         
    7 0000000C EAFFFFFE 
                       XXS     B                XXS
    8 00000010                 END
Command Line: --debug --xref --apcs=interwork --depend=.\program10.d -o.\progra
m10.o -IC:\Keil\ARM\RV31\INC -IC:\Keil\ARM\CMSIS\Include -IC:\Keil\ARM\Inc\Phil
ips --predefine="__EVAL SETA 1" --list=.\program10.lst Program10.asm



ARM Macro Assembler    Page 1 Alphabetic symbol ordering
Relocatable symbols

ENTRY 00000000

Symbol: ENTRY
   Definitions
      At line 2 in file Program10.asm
   Uses
      None
Comment: ENTRY unused
INTERRUPT 00000000

Symbol: INTERRUPT
   Definitions
      At line 1 in file Program10.asm
   Uses
      None
Comment: INTERRUPT unused
XXS 0000000C

Symbol: XXS
   Definitions
      At line 7 in file Program10.asm
   Uses
      At line 7 in file Program10.asm
Comment: XXS used once
3 symbols
334 symbols in table
