<html>
<body>
<pre>
<h1>µVision Build Log</h1>
<h2>Project:</h2>
C:\Users\vivek\VS Code\Lab\Sem4\MC\Basic\multiplication\multiplication.uvproj
Project File Date:  05/17/2024

<h2>Output:</h2>
Build target 'Target 1'
assembling multiplication.asm...
linking...
Program Size: Code=16 RO-data=0 RW-data=0 ZI-data=0  
".\multiplication.axf" - 0 Error(s), 0 Warning(s).
was found which was in no AREA
"multiplication.asm" - 2 Error(s), 0 Warning(s).
assembling multiplication.asm...
multiplication.asm(7): error: A1137E: Unexpected characters at end of line
"multiplication.asm" - 1 Error(s), 0 Warning(s).
assembling multiplication.asm...
"multiplication.asm" - 0 Error(s), 0 Warning(s).
