<html>
<body>
<pre>
<h1>µVision Build Log</h1>
<h2>Project:</h2>
C:\Users\vivek\VS Code\Lab\Sem4\MC\Basic\bubble\bubble.uvproj
Project File Date:  06/21/2024

<h2>Output:</h2>
Build target 'Target 1'
assembling Startup.s...
compiling bubble.c...
bubble.c(19): warning:  #111-D: statement is unreachable
      return 0;
bubble.c(20): warning:  #1-D: last line of file ends without a newline
  }
bubble.c: 2 warnings, 0 errors
linking...
Program Size: Code=540 RO-data=32 RW-data=0 ZI-data=1256  
".\bubble.axf" - 0 Error(s), 2 Warning(s).
