<html>
<body>
<pre>
<h1>µVision Build Log</h1>
<h2>Project:</h2>
C:\Users\vivek\VS Code\Lab\Sem4\MC\Basic\factC\factC.uvproj
Project File Date:  06/21/2024

<h2>Output:</h2>
Build target 'Target 1'
compiling factC.c...
factC.c(12): warning:  #1-D: last line of file ends without a newline
  }
factC.c: 1 warning, 0 errors
linking...
Program Size: Code=464 RO-data=16 RW-data=0 ZI-data=1256  
".\factC.axf" - 0 Error(s), 1 Warning(s).
"factC.c" - 0 Error(s), 1 Warning(s).
ctC.c...
factC.c(7): error:  #29: expected an expression
      for(int i = 1; i <= n; i++){
factC.c(7): error:  #20: identifier "i" is undefined
      for(int i = 1; i <= n; i++){
factC.c(12): warning:  #1-D: last line of file ends without a newline
  }
factC.c: 1 warning, 2 errors
"factC.c" - 2 Error(s), 1 Warning(s).
compiling factC.c...
factC.c(5): error:  #29: expected an expression
      for (int i = 1; i <= n; i++) {
factC.c(5): error:  #20: identifier "i" is undefined
      for (int i = 1; i <= n; i++) {
factC.c(9): warning:  #1-D: last line of file ends without a newline
  }
factC.c: 1 warning, 2 errors
"factC.c" - 2 Error(s), 1 Warning(s).
compiling factC.c...
factC.c(5): error:  #29: expected an expression
      for (int i = 1; i <= n; i++) {
factC.c(5): error:  #20: identifier "i" is undefined
      for (int i = 1; i <= n; i++) {
factC.c(9): warning:  #1-D: last line of file ends without a newline
  }
factC.c: 1 warning, 2 errors
"factC.c" - 2 Error(s), 1 Warning(s).
compiling factC.c...
factC.c(5): error:  #29: expected an expression
      for (int i = 1; i <= n; i++) {
factC.c(5): error:  #20: identifier "i" is undefined
      for (int i = 1; i <= n; i++) {
factC.c(9): warning:  #1-D: last line of file ends without a newline
  }
factC.c: 1 warning, 2 errors
"factC.c" - 2 Error(s), 1 Warning(s).
compiling factC.c...
factC.c(5): error:  #29: expected an expression
      for (int i = 1; i <= n; i++) {
factC.c(5): error:  #20: identifier "i" is undefined
      for (int i = 1; i <= n; i++) {
factC.c(9): warning:  #1-D: last line of file ends without a newline
  }
factC.c: 1 warning, 2 errors
"factC.c" - 2 Error(s), 1 Warning(s).
compiling factC.c...
factC.c(5): error:  #29: expected an expression
      for (int i = 1; i <= n; i++) {
factC.c(5): error:  #20: identifier "i" is undefined
      for (int i = 1; i <= n; i++) {
factC.c(9): warning:  #1-D: last line of file ends without a newline
  }
factC.c: 1 warning, 2 errors
"factC.c" - 2 Error(s), 1 Warning(s).
compiling factC.c...
factC.c(9): warning:  #1-D: last line of file ends without a newline
  }
factC.c: 1 warning, 0 errors
"factC.c" - 0 Error(s), 1 Warning(s).
