


ARM Macro Assembler    Page 1 


    1 00000000                 AREA             OVERFLOW, CODE, READONLY
    2 00000000         ENTRY
    3 00000000 E59F1008        LDR              R1, =0X92B176C0
    4 00000004 E59F2008        LDR              R2, =0X859237A4
    5 00000008 E0B13002        ADCS             R3, R1, R2
    6 0000000C         
    7 0000000C EAFFFFFE 
                       XS      b                XS
    8 00000010                 END
              92B176C0 
              859237A4 
Command Line: --debug --xref --apcs=interwork --depend=.\overflow.d -o.\overflo
w.o -IC:\Keil\ARM\RV31\INC -IC:\Keil\ARM\CMSIS\Include -IC:\Keil\ARM\Inc\Philip
s --predefine="__EVAL SETA 1" --list=.\overflow.lst overflow.asm



ARM Macro Assembler    Page 1 Alphabetic symbol ordering
Relocatable symbols

ENTRY 00000000

Symbol: ENTRY
   Definitions
      At line 2 in file overflow.asm
   Uses
      None
Comment: ENTRY unused
OVERFLOW 00000000

Symbol: OVERFLOW
   Definitions
      At line 1 in file overflow.asm
   Uses
      None
Comment: OVERFLOW unused
XS 0000000C

Symbol: XS
   Definitions
      At line 7 in file overflow.asm
   Uses
      At line 7 in file overflow.asm
Comment: XS used once
3 symbols
336 symbols in table
